2025-09-07 11:42:14 INFO  c.e.pinkbags.kafka.InventoryConsumer - ? [InventoryConsumer] Received Order: 367 from customer 324
2025-09-07 11:42:14 INFO  c.e.pinkbags.kafka.InventoryConsumer -    ? Reduced stock for Christian Dior Monogram Floral Saddle Bag by 5 (Remaining: 1907)
2025-09-07 11:42:14 INFO  c.e.pinkbags.kafka.InventoryConsumer -    ? Reduced stock for Christian Dior book medium Tote by 4 (Remaining: 1927)
2025-09-07 11:42:14 INFO  c.e.pinkbags.kafka.InventoryConsumer -    ? Reduced stock for Prada Chain Leather Flap Bag Saffiano by 1 (Remaining: 1922)
2025-09-07 11:42:14 INFO  c.e.pinkbags.kafka.InventoryConsumer -    ? Reduced stock for Christian Dior Lambskin Cannage Mini Backpack by 4 (Remaining: 1912)
2025-09-07 11:42:14 INFO  c.e.pinkbags.kafka.InventoryConsumer -    ? Reduced stock for Balmain Canvas B-Buzz 24 by 3 (Remaining: 1922)
2025-09-07 11:42:14 INFO  c.e.pinkbags.kafka.InventoryConsumer -    ? Reduced stock for Manolo Blahnik Capri crystal-embellished Clutch by 3 (Remaining: 1914)
2025-09-07 11:42:14 INFO  c.e.pinkbags.kafka.InventoryConsumer -    ? Reduced stock for Louis Vuitton Monogram Empreinte Easy Pouch On Strap by 2 (Remaining: 1908)
2025-09-07 11:42:14 INFO  c.e.pinkbags.kafka.InventoryConsumer -    ? Reduced stock for Givenchy Smooth Calfskin Nano Backpack by 3 (Remaining: 1904)
2025-09-07 11:42:14 INFO  c.e.pinkbags.kafka.InventoryConsumer -    ? Reduced stock for Channel Shiny Aged Calfskin Nano Kelly Mini by 2 (Remaining: 1916)
2025-09-07 11:42:14 INFO  c.e.pinkbags.kafka.InventoryConsumer -    ? Reduced stock for Versace La Medusa crystal-embellished Mini Bag by 3 (Remaining: 1919)
2025-09-07 11:42:19 INFO  c.e.pinkbags.kafka.InventoryConsumer - ? [InventoryConsumer] Received Order: 368 from customer 325
2025-09-07 11:42:19 INFO  c.e.pinkbags.kafka.InventoryConsumer -    ? Reduced stock for Prada Chain Leather Flap Bag Saffiano by 1 (Remaining: 1921)
2025-09-07 11:42:19 INFO  c.e.pinkbags.kafka.InventoryConsumer -    ? Reduced stock for Versace La Medusa crystal-embellished Mini Bag by 5 (Remaining: 1914)
2025-09-07 11:42:19 INFO  c.e.pinkbags.kafka.InventoryConsumer -    ? Reduced stock for Christian Dior Monogram Floral Saddle Bag by 1 (Remaining: 1906)
2025-09-07 11:42:19 INFO  c.e.pinkbags.kafka.InventoryConsumer -    ? Reduced stock for Pink Leather Balenciaga Croc Handbag by 1 (Remaining: 1916)
2025-09-07 11:42:19 INFO  c.e.pinkbags.kafka.InventoryConsumer -    ? Reduced stock for Gucci GG Marmont 2.0 Medium Quilted Shoulder Bag by 1 (Remaining: 1880)
2025-09-07 11:42:19 INFO  c.e.pinkbags.kafka.InventoryConsumer -    ? Reduced stock for Christian Dior book medium Tote by 3 (Remaining: 1924)
2025-09-07 11:42:19 INFO  c.e.pinkbags.kafka.InventoryConsumer -    ? Reduced stock for Manolo Blahnik Capri crystal-embellished Clutch by 3 (Remaining: 1911)
2025-09-07 11:42:19 INFO  c.e.pinkbags.kafka.InventoryConsumer -    ? Reduced stock for Christian Dior Lambskin Cannage Mini Backpack by 4 (Remaining: 1908)
2025-09-07 11:42:19 INFO  c.e.pinkbags.kafka.InventoryConsumer -    ? Reduced stock for Versace Calfskin Palazzo Crystal Medusa Backpack by 4 (Remaining: 1912)
2025-09-07 11:42:19 INFO  c.e.pinkbags.kafka.InventoryConsumer -    ? Reduced stock for Balmain Canvas B-Buzz 24 by 4 (Remaining: 1918)
2025-09-07 11:42:24 INFO  c.e.pinkbags.kafka.InventoryConsumer - ? [InventoryConsumer] Received Order: 369 from customer 326
2025-09-07 11:42:24 INFO  c.e.pinkbags.kafka.InventoryConsumer -    ? Reduced stock for Pink Leather Balenciaga Croc Handbag by 1 (Remaining: 1915)
2025-09-07 11:42:24 INFO  c.e.pinkbags.kafka.InventoryConsumer -    ? Reduced stock for Christian Dior book medium Tote by 4 (Remaining: 1920)
2025-09-07 11:42:24 INFO  c.e.pinkbags.kafka.InventoryConsumer -    ? Reduced stock for Versace La Medusa crystal-embellished Mini Bag by 2 (Remaining: 1912)
2025-09-07 11:42:24 INFO  c.e.pinkbags.kafka.InventoryConsumer -    ? Reduced stock for Christian Dior Lambskin Cannage Mini Backpack by 5 (Remaining: 1903)
2025-09-07 11:42:24 INFO  c.e.pinkbags.kafka.InventoryConsumer -    ? Reduced stock for Louis Vuitton Monogram Empreinte Easy Pouch On Strap by 3 (Remaining: 1905)
2025-09-07 11:42:24 INFO  c.e.pinkbags.kafka.InventoryConsumer -    ? Reduced stock for Gucci GG Marmont 2.0 Medium Quilted Shoulder Bag by 2 (Remaining: 1878)
2025-09-07 11:42:24 INFO  c.e.pinkbags.kafka.InventoryConsumer -    ? Reduced stock for Prada Chain Leather Flap Bag Saffiano by 4 (Remaining: 1917)
2025-09-07 11:42:24 INFO  c.e.pinkbags.kafka.InventoryConsumer -    ? Reduced stock for Balmain Canvas B-Buzz 24 by 1 (Remaining: 1917)
2025-09-07 11:42:24 INFO  c.e.pinkbags.kafka.InventoryConsumer -    ? Reduced stock for Givenchy Smooth Calfskin Nano Backpack by 1 (Remaining: 1903)
2025-09-07 11:42:24 INFO  c.e.pinkbags.kafka.InventoryConsumer -    ? Reduced stock for Christian Dior Monogram Floral Saddle Bag by 2 (Remaining: 1904)
2025-09-07 11:42:29 INFO  c.e.pinkbags.kafka.InventoryConsumer - ? [InventoryConsumer] Received Order: 370 from customer 327
2025-09-07 11:42:29 INFO  c.e.pinkbags.kafka.InventoryConsumer -    ? Reduced stock for Christian Dior book medium Tote by 3 (Remaining: 1917)
2025-09-07 11:42:29 INFO  c.e.pinkbags.kafka.InventoryConsumer -    ? Reduced stock for Manolo Blahnik Capri crystal-embellished Clutch by 2 (Remaining: 1909)
2025-09-07 11:42:29 INFO  c.e.pinkbags.kafka.InventoryConsumer -    ? Reduced stock for Christian Dior Lambskin Cannage Mini Backpack by 1 (Remaining: 1902)
2025-09-07 11:42:29 INFO  c.e.pinkbags.kafka.InventoryConsumer -    ? Reduced stock for Prada Chain Leather Flap Bag Saffiano by 5 (Remaining: 1912)
2025-09-07 11:42:29 INFO  c.e.pinkbags.kafka.InventoryConsumer -    ? Reduced stock for Givenchy Smooth Calfskin Nano Backpack by 5 (Remaining: 1898)
2025-09-07 11:42:34 INFO  c.e.pinkbags.kafka.InventoryConsumer - ? [InventoryConsumer] Received Order: 371 from customer 328
2025-09-07 11:42:34 INFO  c.e.pinkbags.kafka.InventoryConsumer -    ? Reduced stock for Balmain Canvas B-Buzz 24 by 5 (Remaining: 1912)
2025-09-07 11:42:34 INFO  c.e.pinkbags.kafka.InventoryConsumer -    ? Reduced stock for Christian Dior Monogram Floral Saddle Bag by 5 (Remaining: 1899)
2025-09-07 11:42:34 INFO  c.e.pinkbags.kafka.InventoryConsumer -    ? Reduced stock for Manolo Blahnik Capri crystal-embellished Clutch by 3 (Remaining: 1906)
2025-09-07 11:42:34 INFO  c.e.pinkbags.kafka.InventoryConsumer -    ? Reduced stock for Louis Vuitton Monogram Empreinte Easy Pouch On Strap by 5 (Remaining: 1900)
2025-09-07 11:42:34 INFO  c.e.pinkbags.kafka.InventoryConsumer -    ? Reduced stock for Prada Chain Leather Flap Bag Saffiano by 4 (Remaining: 1908)
2025-09-07 11:42:34 INFO  c.e.pinkbags.kafka.InventoryConsumer -    ? Reduced stock for Channel Shiny Aged Calfskin Nano Kelly Mini by 2 (Remaining: 1914)
2025-09-07 11:42:34 INFO  c.e.pinkbags.kafka.InventoryConsumer -    ? Reduced stock for Givenchy Smooth Calfskin Nano Backpack by 4 (Remaining: 1894)
2025-09-07 11:42:34 INFO  c.e.pinkbags.kafka.InventoryConsumer -    ? Reduced stock for Versace Calfskin Palazzo Crystal Medusa Backpack by 2 (Remaining: 1910)
2025-09-07 11:42:34 INFO  c.e.pinkbags.kafka.InventoryConsumer -    ? Reduced stock for Christian Dior Lambskin Cannage Mini Backpack by 3 (Remaining: 1899)
2025-09-07 11:42:34 INFO  c.e.pinkbags.kafka.InventoryConsumer -    ? Reduced stock for Versace La Medusa crystal-embellished Mini Bag by 3 (Remaining: 1909)
2025-09-07 11:42:34 INFO  c.e.pinkbags.kafka.InventoryConsumer -    ? Reduced stock for Gucci GG Marmont 2.0 Medium Quilted Shoulder Bag by 1 (Remaining: 1877)
2025-09-07 11:42:34 INFO  c.e.pinkbags.kafka.InventoryConsumer -    ? Reduced stock for Pink Leather Balenciaga Croc Handbag by 5 (Remaining: 1910)
2025-09-07 11:42:34 INFO  c.e.pinkbags.kafka.InventoryConsumer -    ? Reduced stock for Christian Dior book medium Tote by 5 (Remaining: 1912)
2025-09-07 11:42:39 INFO  c.e.pinkbags.kafka.InventoryConsumer - ? [InventoryConsumer] Received Order: 372 from customer 329
2025-09-07 11:42:39 INFO  c.e.pinkbags.kafka.InventoryConsumer -    ? Reduced stock for Givenchy Smooth Calfskin Nano Backpack by 4 (Remaining: 1890)
2025-09-07 11:42:39 INFO  c.e.pinkbags.kafka.InventoryConsumer -    ? Reduced stock for Christian Dior Lambskin Cannage Mini Backpack by 1 (Remaining: 1898)
2025-09-07 11:42:39 INFO  c.e.pinkbags.kafka.InventoryConsumer -    ? Reduced stock for Prada Chain Leather Flap Bag Saffiano by 4 (Remaining: 1904)
2025-09-07 11:42:39 INFO  c.e.pinkbags.kafka.InventoryConsumer -    ? Reduced stock for Versace La Medusa crystal-embellished Mini Bag by 4 (Remaining: 1905)
2025-09-07 11:42:39 INFO  c.e.pinkbags.kafka.InventoryConsumer -    ? Reduced stock for Manolo Blahnik Capri crystal-embellished Clutch by 1 (Remaining: 1905)
2025-09-07 11:42:39 INFO  c.e.pinkbags.kafka.InventoryConsumer -    ? Reduced stock for Christian Dior book medium Tote by 1 (Remaining: 1911)
2025-09-07 11:42:39 INFO  c.e.pinkbags.kafka.InventoryConsumer -    ? Reduced stock for Versace Calfskin Palazzo Crystal Medusa Backpack by 3 (Remaining: 1907)
2025-09-07 11:42:39 INFO  c.e.pinkbags.kafka.InventoryConsumer -    ? Reduced stock for Louis Vuitton Monogram Empreinte Easy Pouch On Strap by 2 (Remaining: 1898)
2025-09-07 11:42:39 INFO  c.e.pinkbags.kafka.InventoryConsumer -    ? Reduced stock for Balmain Canvas B-Buzz 24 by 3 (Remaining: 1909)
2025-09-07 11:42:39 INFO  c.e.pinkbags.kafka.InventoryConsumer -    ? Reduced stock for Pink Leather Balenciaga Croc Handbag by 5 (Remaining: 1905)
2025-09-07 11:42:39 INFO  c.e.pinkbags.kafka.InventoryConsumer -    ? Reduced stock for Gucci GG Marmont 2.0 Medium Quilted Shoulder Bag by 3 (Remaining: 1874)
2025-09-07 11:42:39 INFO  c.e.pinkbags.kafka.InventoryConsumer -    ? Reduced stock for Channel Shiny Aged Calfskin Nano Kelly Mini by 4 (Remaining: 1910)
2025-09-07 11:42:39 INFO  c.e.pinkbags.kafka.InventoryConsumer -    ? Reduced stock for Christian Dior Monogram Floral Saddle Bag by 1 (Remaining: 1898)
2025-09-07 11:42:54 INFO  c.e.pinkbags.kafka.InventoryConsumer - ? [InventoryConsumer] Received Order: 373 from customer 153
2025-09-07 11:42:54 INFO  c.e.pinkbags.kafka.InventoryConsumer -    ? Reduced stock for Gucci GG Marmont 2.0 Medium Quilted Shoulder Bag by 4 (Remaining: 1870)
2025-09-07 11:42:54 INFO  c.e.pinkbags.kafka.InventoryConsumer -    ? Reduced stock for Christian Dior Lambskin Cannage Mini Backpack by 3 (Remaining: 1895)
2025-09-07 11:42:54 INFO  c.e.pinkbags.kafka.InventoryConsumer -    ? Reduced stock for Pink Leather Balenciaga Croc Handbag by 2 (Remaining: 1903)
2025-09-07 11:42:54 INFO  c.e.pinkbags.kafka.InventoryConsumer -    ? Reduced stock for Versace Calfskin Palazzo Crystal Medusa Backpack by 2 (Remaining: 1905)
2025-09-07 11:42:54 INFO  c.e.pinkbags.kafka.InventoryConsumer -    ? Reduced stock for Channel Shiny Aged Calfskin Nano Kelly Mini by 3 (Remaining: 1907)
2025-09-07 11:42:54 INFO  c.e.pinkbags.kafka.InventoryConsumer -    ? Reduced stock for Versace La Medusa crystal-embellished Mini Bag by 1 (Remaining: 1904)
2025-09-07 11:42:54 INFO  c.e.pinkbags.kafka.InventoryConsumer -    ? Reduced stock for Balmain Canvas B-Buzz 24 by 1 (Remaining: 1908)
2025-09-07 11:42:54 INFO  c.e.pinkbags.kafka.InventoryConsumer -    ? Reduced stock for Manolo Blahnik Capri crystal-embellished Clutch by 5 (Remaining: 1900)
2025-09-07 11:43:14 INFO  c.e.pinkbags.kafka.InventoryConsumer - ? [InventoryConsumer] Received Order: 374 from customer 331
2025-09-07 11:43:14 INFO  c.e.pinkbags.kafka.InventoryConsumer -    ? Reduced stock for Versace Calfskin Palazzo Crystal Medusa Backpack by 5 (Remaining: 1900)
2025-09-07 11:43:14 INFO  c.e.pinkbags.kafka.InventoryConsumer -    ? Reduced stock for Pink Leather Balenciaga Croc Handbag by 1 (Remaining: 1902)
2025-09-07 11:43:14 INFO  c.e.pinkbags.kafka.InventoryConsumer -    ? Reduced stock for Gucci GG Marmont 2.0 Medium Quilted Shoulder Bag by 2 (Remaining: 1868)
2025-09-07 11:43:14 INFO  c.e.pinkbags.kafka.InventoryConsumer -    ? Reduced stock for Channel Shiny Aged Calfskin Nano Kelly Mini by 2 (Remaining: 1905)
2025-09-07 11:43:14 INFO  c.e.pinkbags.kafka.InventoryConsumer -    ? Reduced stock for Givenchy Smooth Calfskin Nano Backpack by 4 (Remaining: 1886)
2025-09-07 11:43:24 INFO  c.e.pinkbags.kafka.InventoryConsumer - ? [InventoryConsumer] Received Order: 375 from customer 332
2025-09-07 11:43:24 INFO  c.e.pinkbags.kafka.InventoryConsumer -    ? Reduced stock for Louis Vuitton Monogram Empreinte Easy Pouch On Strap by 5 (Remaining: 1893)
2025-09-07 11:43:24 INFO  c.e.pinkbags.kafka.InventoryConsumer -    ? Reduced stock for Manolo Blahnik Capri crystal-embellished Clutch by 2 (Remaining: 1898)
2025-09-07 11:43:34 INFO  c.e.pinkbags.kafka.InventoryConsumer - ? [InventoryConsumer] Received Order: 376 from customer 335
2025-09-07 11:43:34 INFO  c.e.pinkbags.kafka.InventoryConsumer -    ? Reduced stock for Balmain Canvas B-Buzz 24 by 1 (Remaining: 1907)
2025-09-07 11:43:34 INFO  c.e.pinkbags.kafka.InventoryConsumer -    ? Reduced stock for Versace La Medusa crystal-embellished Mini Bag by 2 (Remaining: 1902)
2025-09-07 11:43:34 INFO  c.e.pinkbags.kafka.InventoryConsumer -    ? Reduced stock for Pink Leather Balenciaga Croc Handbag by 4 (Remaining: 1898)
2025-09-07 11:43:34 INFO  c.e.pinkbags.kafka.InventoryConsumer -    ? Reduced stock for Channel Shiny Aged Calfskin Nano Kelly Mini by 2 (Remaining: 1903)
2025-09-07 11:43:34 INFO  c.e.pinkbags.kafka.InventoryConsumer -    ? Reduced stock for Givenchy Smooth Calfskin Nano Backpack by 4 (Remaining: 1882)
2025-09-07 11:43:39 INFO  c.e.pinkbags.kafka.InventoryConsumer - ? [InventoryConsumer] Received Order: 377 from customer 336
2025-09-07 11:43:39 INFO  c.e.pinkbags.kafka.InventoryConsumer -    ? Reduced stock for Manolo Blahnik Capri crystal-embellished Clutch by 5 (Remaining: 1893)
2025-09-07 11:43:39 INFO  c.e.pinkbags.kafka.InventoryConsumer -    ? Reduced stock for Louis Vuitton Monogram Empreinte Easy Pouch On Strap by 4 (Remaining: 1889)
2025-09-07 11:43:39 INFO  c.e.pinkbags.kafka.InventoryConsumer -    ? Reduced stock for Givenchy Smooth Calfskin Nano Backpack by 3 (Remaining: 1879)
2025-09-07 11:43:39 INFO  c.e.pinkbags.kafka.InventoryConsumer -    ? Reduced stock for Pink Leather Balenciaga Croc Handbag by 3 (Remaining: 1895)
2025-09-07 11:43:39 INFO  c.e.pinkbags.kafka.InventoryConsumer -    ? Reduced stock for Christian Dior book medium Tote by 3 (Remaining: 1908)
2025-09-07 11:43:39 INFO  c.e.pinkbags.kafka.InventoryConsumer -    ? Reduced stock for Prada Chain Leather Flap Bag Saffiano by 1 (Remaining: 1903)
2025-09-07 11:43:39 INFO  c.e.pinkbags.kafka.InventoryConsumer -    ? Reduced stock for Balmain Canvas B-Buzz 24 by 1 (Remaining: 1906)
2025-09-07 11:43:39 INFO  c.e.pinkbags.kafka.InventoryConsumer -    ? Reduced stock for Channel Shiny Aged Calfskin Nano Kelly Mini by 2 (Remaining: 1901)
2025-09-07 11:43:39 INFO  c.e.pinkbags.kafka.InventoryConsumer -    ? Reduced stock for Christian Dior Lambskin Cannage Mini Backpack by 2 (Remaining: 1893)
2025-09-07 11:43:39 INFO  c.e.pinkbags.kafka.InventoryConsumer -    ? Reduced stock for Versace Calfskin Palazzo Crystal Medusa Backpack by 2 (Remaining: 1898)
2025-09-07 11:43:49 INFO  c.e.pinkbags.kafka.InventoryConsumer - ? [InventoryConsumer] Received Order: 380 from customer 337
2025-09-07 11:43:49 INFO  c.e.pinkbags.kafka.InventoryConsumer -    ? Reduced stock for Channel Shiny Aged Calfskin Nano Kelly Mini by 5 (Remaining: 1896)
2025-09-07 11:43:49 INFO  c.e.pinkbags.kafka.InventoryConsumer -    ? Reduced stock for Christian Dior book medium Tote by 3 (Remaining: 1905)
2025-09-07 11:43:49 INFO  c.e.pinkbags.kafka.InventoryConsumer -    ? Reduced stock for Manolo Blahnik Capri crystal-embellished Clutch by 4 (Remaining: 1889)
2025-09-07 11:43:59 INFO  c.e.pinkbags.kafka.InventoryConsumer - ? [InventoryConsumer] Received Order: 381 from customer 338
2025-09-07 11:43:59 INFO  c.e.pinkbags.kafka.InventoryConsumer -    ? Reduced stock for Channel Shiny Aged Calfskin Nano Kelly Mini by 4 (Remaining: 1892)
2025-09-07 11:43:59 INFO  c.e.pinkbags.kafka.InventoryConsumer -    ? Reduced stock for Versace La Medusa crystal-embellished Mini Bag by 1 (Remaining: 1901)
2025-09-07 11:44:09 INFO  c.e.pinkbags.kafka.InventoryConsumer - ? [InventoryConsumer] Received Order: 382 from customer 339
2025-09-07 11:44:09 INFO  c.e.pinkbags.kafka.InventoryConsumer -    ? Reduced stock for Manolo Blahnik Capri crystal-embellished Clutch by 4 (Remaining: 1885)
2025-09-07 11:44:09 INFO  c.e.pinkbags.kafka.InventoryConsumer -    ? Reduced stock for Versace Calfskin Palazzo Crystal Medusa Backpack by 4 (Remaining: 1894)
2025-09-07 11:44:09 INFO  c.e.pinkbags.kafka.InventoryConsumer -    ? Reduced stock for Givenchy Smooth Calfskin Nano Backpack by 5 (Remaining: 1874)
2025-09-07 11:44:09 INFO  c.e.pinkbags.kafka.InventoryConsumer -    ? Reduced stock for Christian Dior book medium Tote by 4 (Remaining: 1901)
2025-09-07 11:44:09 INFO  c.e.pinkbags.kafka.InventoryConsumer -    ? Reduced stock for Channel Shiny Aged Calfskin Nano Kelly Mini by 2 (Remaining: 1890)
2025-09-07 11:44:09 INFO  c.e.pinkbags.kafka.InventoryConsumer -    ? Reduced stock for Prada Chain Leather Flap Bag Saffiano by 2 (Remaining: 1901)
2025-09-07 11:44:09 INFO  c.e.pinkbags.kafka.InventoryConsumer -    ? Reduced stock for Versace La Medusa crystal-embellished Mini Bag by 3 (Remaining: 1898)
2025-09-07 11:44:09 INFO  c.e.pinkbags.kafka.InventoryConsumer -    ? Reduced stock for Louis Vuitton Monogram Empreinte Easy Pouch On Strap by 5 (Remaining: 1884)
2025-09-07 11:44:09 INFO  c.e.pinkbags.kafka.InventoryConsumer -    ? Reduced stock for Christian Dior Monogram Floral Saddle Bag by 1 (Remaining: 1897)
2025-09-07 11:44:09 INFO  c.e.pinkbags.kafka.InventoryConsumer -    ? Reduced stock for Balmain Canvas B-Buzz 24 by 4 (Remaining: 1902)
2025-09-07 11:44:09 INFO  c.e.pinkbags.kafka.InventoryConsumer -    ? Reduced stock for Christian Dior Lambskin Cannage Mini Backpack by 1 (Remaining: 1892)
2025-09-07 11:44:14 INFO  c.e.pinkbags.kafka.InventoryConsumer - ? [InventoryConsumer] Received Order: 383 from customer 340
2025-09-07 11:44:14 INFO  c.e.pinkbags.kafka.InventoryConsumer -    ? Reduced stock for Prada Chain Leather Flap Bag Saffiano by 2 (Remaining: 1899)
2025-09-07 11:44:14 INFO  c.e.pinkbags.kafka.InventoryConsumer -    ? Reduced stock for Channel Shiny Aged Calfskin Nano Kelly Mini by 4 (Remaining: 1886)
2025-09-07 11:44:14 INFO  c.e.pinkbags.kafka.InventoryConsumer -    ? Reduced stock for Manolo Blahnik Capri crystal-embellished Clutch by 1 (Remaining: 1884)
2025-09-07 11:44:14 INFO  c.e.pinkbags.kafka.InventoryConsumer -    ? Reduced stock for Christian Dior Lambskin Cannage Mini Backpack by 2 (Remaining: 1890)
2025-09-07 11:44:24 INFO  c.e.pinkbags.kafka.InventoryConsumer - ? [InventoryConsumer] Received Order: 384 from customer 143
2025-09-07 11:44:24 INFO  c.e.pinkbags.kafka.InventoryConsumer -    ? Reduced stock for Versace Calfskin Palazzo Crystal Medusa Backpack by 2 (Remaining: 1892)
2025-09-07 11:44:24 INFO  c.e.pinkbags.kafka.InventoryConsumer -    ? Reduced stock for Christian Dior book medium Tote by 3 (Remaining: 1898)
2025-09-07 11:44:24 INFO  c.e.pinkbags.kafka.InventoryConsumer -    ? Reduced stock for Manolo Blahnik Capri crystal-embellished Clutch by 3 (Remaining: 1881)
2025-09-07 11:44:24 INFO  c.e.pinkbags.kafka.InventoryConsumer -    ? Reduced stock for Balmain Canvas B-Buzz 24 by 4 (Remaining: 1898)
2025-09-07 11:44:24 INFO  c.e.pinkbags.kafka.InventoryConsumer -    ? Reduced stock for Christian Dior Lambskin Cannage Mini Backpack by 1 (Remaining: 1889)
2025-09-07 11:44:24 INFO  c.e.pinkbags.kafka.InventoryConsumer -    ? Reduced stock for Pink Leather Balenciaga Croc Handbag by 3 (Remaining: 1892)
2025-09-07 11:44:24 INFO  c.e.pinkbags.kafka.InventoryConsumer -    ? Reduced stock for Louis Vuitton Monogram Empreinte Easy Pouch On Strap by 2 (Remaining: 1882)
2025-09-07 11:44:24 INFO  c.e.pinkbags.kafka.InventoryConsumer -    ? Reduced stock for Givenchy Smooth Calfskin Nano Backpack by 3 (Remaining: 1871)
2025-09-07 11:44:24 INFO  c.e.pinkbags.kafka.InventoryConsumer -    ? Reduced stock for Channel Shiny Aged Calfskin Nano Kelly Mini by 1 (Remaining: 1885)
2025-09-07 11:44:24 INFO  c.e.pinkbags.kafka.InventoryConsumer -    ? Reduced stock for Prada Chain Leather Flap Bag Saffiano by 2 (Remaining: 1897)
2025-09-07 11:44:24 INFO  c.e.pinkbags.kafka.InventoryConsumer -    ? Reduced stock for Gucci GG Marmont 2.0 Medium Quilted Shoulder Bag by 1 (Remaining: 1867)
2025-09-07 11:44:24 INFO  c.e.pinkbags.kafka.InventoryConsumer -    ? Reduced stock for Versace La Medusa crystal-embellished Mini Bag by 1 (Remaining: 1897)
2025-09-07 11:44:24 INFO  c.e.pinkbags.kafka.InventoryConsumer -    ? Reduced stock for Christian Dior Monogram Floral Saddle Bag by 5 (Remaining: 1892)
2025-09-07 11:44:29 INFO  c.e.pinkbags.kafka.InventoryConsumer - ? [InventoryConsumer] Received Order: 385 from customer 342
2025-09-07 11:44:29 INFO  c.e.pinkbags.kafka.InventoryConsumer -    ? Reduced stock for Christian Dior Monogram Floral Saddle Bag by 5 (Remaining: 1887)
2025-09-07 11:44:29 INFO  c.e.pinkbags.kafka.InventoryConsumer -    ? Reduced stock for Gucci GG Marmont 2.0 Medium Quilted Shoulder Bag by 2 (Remaining: 1865)
2025-09-07 11:44:29 INFO  c.e.pinkbags.kafka.InventoryConsumer -    ? Reduced stock for Pink Leather Balenciaga Croc Handbag by 5 (Remaining: 1887)
2025-09-07 11:44:44 INFO  c.e.pinkbags.kafka.InventoryConsumer - ? [InventoryConsumer] Received Order: 386 from customer 344
2025-09-07 11:44:44 INFO  c.e.pinkbags.kafka.InventoryConsumer -    ? Reduced stock for Pink Leather Balenciaga Croc Handbag by 1 (Remaining: 1886)
2025-09-07 11:44:44 INFO  c.e.pinkbags.kafka.InventoryConsumer -    ? Reduced stock for Christian Dior Monogram Floral Saddle Bag by 3 (Remaining: 1884)
2025-09-07 11:44:44 INFO  c.e.pinkbags.kafka.InventoryConsumer -    ? Reduced stock for Versace La Medusa crystal-embellished Mini Bag by 1 (Remaining: 1896)
2025-09-07 11:44:44 INFO  c.e.pinkbags.kafka.InventoryConsumer -    ? Reduced stock for Gucci GG Marmont 2.0 Medium Quilted Shoulder Bag by 3 (Remaining: 1862)
2025-09-07 11:44:44 INFO  c.e.pinkbags.kafka.InventoryConsumer -    ? Reduced stock for Channel Shiny Aged Calfskin Nano Kelly Mini by 5 (Remaining: 1880)
2025-09-07 11:44:44 INFO  c.e.pinkbags.kafka.InventoryConsumer -    ? Reduced stock for Balmain Canvas B-Buzz 24 by 4 (Remaining: 1894)
2025-09-07 11:44:44 INFO  c.e.pinkbags.kafka.InventoryConsumer -    ? Reduced stock for Prada Chain Leather Flap Bag Saffiano by 4 (Remaining: 1893)
2025-09-07 11:44:44 INFO  c.e.pinkbags.kafka.InventoryConsumer -    ? Reduced stock for Christian Dior book medium Tote by 2 (Remaining: 1896)
2025-09-07 11:44:44 INFO  c.e.pinkbags.kafka.InventoryConsumer -    ? Reduced stock for Versace Calfskin Palazzo Crystal Medusa Backpack by 5 (Remaining: 1887)
2025-09-07 11:44:54 INFO  c.e.pinkbags.kafka.InventoryConsumer - ? [InventoryConsumer] Received Order: 387 from customer 346
2025-09-07 11:44:54 INFO  c.e.pinkbags.kafka.InventoryConsumer -    ? Reduced stock for Christian Dior Lambskin Cannage Mini Backpack by 2 (Remaining: 1887)
2025-09-07 11:44:54 INFO  c.e.pinkbags.kafka.InventoryConsumer -    ? Reduced stock for Versace Calfskin Palazzo Crystal Medusa Backpack by 5 (Remaining: 1882)
2025-09-07 11:45:52 INFO  c.e.pinkbags.kafka.InventoryConsumer - ? [InventoryConsumer] Received Order: 388 from customer 347
2025-09-07 11:45:52 INFO  c.e.pinkbags.kafka.InventoryConsumer -    ? Reduced stock for Givenchy Smooth Calfskin Nano Backpack by 2 (Remaining: 1869)
2025-09-07 11:45:52 INFO  c.e.pinkbags.kafka.InventoryConsumer -    ? Reduced stock for Manolo Blahnik Capri crystal-embellished Clutch by 1 (Remaining: 1880)
2025-09-07 11:45:52 INFO  c.e.pinkbags.kafka.InventoryConsumer -    ? Reduced stock for Gucci GG Marmont 2.0 Medium Quilted Shoulder Bag by 5 (Remaining: 1857)
2025-09-07 11:45:52 INFO  c.e.pinkbags.kafka.InventoryConsumer -    ? Reduced stock for Versace La Medusa crystal-embellished Mini Bag by 4 (Remaining: 1892)
2025-09-07 11:45:52 INFO  c.e.pinkbags.kafka.InventoryConsumer -    ? Reduced stock for Pink Leather Balenciaga Croc Handbag by 4 (Remaining: 1882)
2025-09-07 11:45:52 INFO  c.e.pinkbags.kafka.InventoryConsumer -    ? Reduced stock for Christian Dior book medium Tote by 4 (Remaining: 1892)
2025-09-07 11:45:52 INFO  c.e.pinkbags.kafka.InventoryConsumer -    ? Reduced stock for Christian Dior Monogram Floral Saddle Bag by 5 (Remaining: 1879)
2025-09-07 11:45:52 INFO  c.e.pinkbags.kafka.InventoryConsumer -    ? Reduced stock for Channel Shiny Aged Calfskin Nano Kelly Mini by 3 (Remaining: 1877)
2025-09-07 11:45:52 INFO  c.e.pinkbags.kafka.InventoryConsumer -    ? Reduced stock for Balmain Canvas B-Buzz 24 by 5 (Remaining: 1889)
2025-09-07 11:45:54 INFO  c.e.pinkbags.kafka.InventoryConsumer - ? [InventoryConsumer] Received Order: 389 from customer 348
2025-09-07 11:45:54 INFO  c.e.pinkbags.kafka.InventoryConsumer -    ? Reduced stock for Gucci GG Marmont 2.0 Medium Quilted Shoulder Bag by 1 (Remaining: 1856)
2025-09-07 11:45:54 INFO  c.e.pinkbags.kafka.InventoryConsumer -    ? Reduced stock for Christian Dior Monogram Floral Saddle Bag by 4 (Remaining: 1875)
2025-09-07 11:45:54 INFO  c.e.pinkbags.kafka.InventoryConsumer -    ? Reduced stock for Givenchy Smooth Calfskin Nano Backpack by 4 (Remaining: 1865)
2025-09-07 11:45:54 INFO  c.e.pinkbags.kafka.InventoryConsumer -    ? Reduced stock for Versace Calfskin Palazzo Crystal Medusa Backpack by 2 (Remaining: 1880)
2025-09-07 11:45:54 INFO  c.e.pinkbags.kafka.InventoryConsumer -    ? Reduced stock for Pink Leather Balenciaga Croc Handbag by 4 (Remaining: 1878)
2025-09-07 11:45:54 INFO  c.e.pinkbags.kafka.InventoryConsumer -    ? Reduced stock for Manolo Blahnik Capri crystal-embellished Clutch by 5 (Remaining: 1875)
2025-09-07 11:45:54 INFO  c.e.pinkbags.kafka.InventoryConsumer -    ? Reduced stock for Prada Chain Leather Flap Bag Saffiano by 5 (Remaining: 1888)
2025-09-07 11:45:54 INFO  c.e.pinkbags.kafka.InventoryConsumer -    ? Reduced stock for Channel Shiny Aged Calfskin Nano Kelly Mini by 4 (Remaining: 1873)
2025-09-07 11:45:54 INFO  c.e.pinkbags.kafka.InventoryConsumer -    ? Reduced stock for Balmain Canvas B-Buzz 24 by 1 (Remaining: 1888)
2025-09-07 11:45:54 INFO  c.e.pinkbags.kafka.InventoryConsumer -    ? Reduced stock for Christian Dior Lambskin Cannage Mini Backpack by 1 (Remaining: 1886)
2025-09-07 11:45:54 INFO  c.e.pinkbags.kafka.InventoryConsumer -    ? Reduced stock for Christian Dior book medium Tote by 2 (Remaining: 1890)
2025-09-07 11:45:54 INFO  c.e.pinkbags.kafka.InventoryConsumer -    ? Reduced stock for Louis Vuitton Monogram Empreinte Easy Pouch On Strap by 2 (Remaining: 1880)
2025-09-07 11:45:54 INFO  c.e.pinkbags.kafka.InventoryConsumer -    ? Reduced stock for Versace La Medusa crystal-embellished Mini Bag by 4 (Remaining: 1888)
2025-09-07 11:46:24 INFO  c.e.pinkbags.kafka.InventoryConsumer - ? [InventoryConsumer] Received Order: 392 from customer 350
2025-09-07 11:46:24 INFO  c.e.pinkbags.kafka.InventoryConsumer -    ? Reduced stock for Louis Vuitton Monogram Empreinte Easy Pouch On Strap by 3 (Remaining: 1877)
2025-09-07 11:46:24 INFO  c.e.pinkbags.kafka.InventoryConsumer -    ? Reduced stock for Versace Calfskin Palazzo Crystal Medusa Backpack by 1 (Remaining: 1879)
2025-09-07 11:46:24 INFO  c.e.pinkbags.kafka.InventoryConsumer -    ? Reduced stock for Christian Dior Monogram Floral Saddle Bag by 2 (Remaining: 1873)
2025-09-07 11:46:24 INFO  c.e.pinkbags.kafka.InventoryConsumer -    ? Reduced stock for Christian Dior Lambskin Cannage Mini Backpack by 1 (Remaining: 1885)
2025-09-07 11:46:24 INFO  c.e.pinkbags.kafka.InventoryConsumer -    ? Reduced stock for Christian Dior book medium Tote by 4 (Remaining: 1886)
2025-09-07 11:46:24 INFO  c.e.pinkbags.kafka.InventoryConsumer -    ? Reduced stock for Versace La Medusa crystal-embellished Mini Bag by 2 (Remaining: 1886)
2025-09-07 11:46:24 INFO  c.e.pinkbags.kafka.InventoryConsumer -    ? Reduced stock for Manolo Blahnik Capri crystal-embellished Clutch by 3 (Remaining: 1872)
2025-09-07 11:46:29 INFO  c.e.pinkbags.kafka.InventoryConsumer - ? [InventoryConsumer] Received Order: 393 from customer 351
2025-09-07 11:46:29 INFO  c.e.pinkbags.kafka.InventoryConsumer -    ? Reduced stock for Christian Dior book medium Tote by 4 (Remaining: 1882)
2025-09-07 11:46:29 INFO  c.e.pinkbags.kafka.InventoryConsumer -    ? Reduced stock for Balmain Canvas B-Buzz 24 by 4 (Remaining: 1884)
2025-09-07 11:46:29 INFO  c.e.pinkbags.kafka.InventoryConsumer -    ? Reduced stock for Gucci GG Marmont 2.0 Medium Quilted Shoulder Bag by 1 (Remaining: 1855)
2025-09-07 11:46:29 INFO  c.e.pinkbags.kafka.InventoryConsumer -    ? Reduced stock for Manolo Blahnik Capri crystal-embellished Clutch by 4 (Remaining: 1868)
2025-09-07 11:46:29 INFO  c.e.pinkbags.kafka.InventoryConsumer -    ? Reduced stock for Versace Calfskin Palazzo Crystal Medusa Backpack by 5 (Remaining: 1874)
2025-09-07 11:46:29 INFO  c.e.pinkbags.kafka.InventoryConsumer -    ? Reduced stock for Channel Shiny Aged Calfskin Nano Kelly Mini by 2 (Remaining: 1871)
2025-09-07 11:46:29 INFO  c.e.pinkbags.kafka.InventoryConsumer -    ? Reduced stock for Pink Leather Balenciaga Croc Handbag by 2 (Remaining: 1876)
2025-09-07 11:46:29 INFO  c.e.pinkbags.kafka.InventoryConsumer -    ? Reduced stock for Christian Dior Lambskin Cannage Mini Backpack by 4 (Remaining: 1881)
2025-09-07 11:46:29 INFO  c.e.pinkbags.kafka.InventoryConsumer -    ? Reduced stock for Givenchy Smooth Calfskin Nano Backpack by 3 (Remaining: 1862)
2025-09-07 11:46:39 INFO  c.e.pinkbags.kafka.InventoryConsumer - ? [InventoryConsumer] Received Order: 394 from customer 352
2025-09-07 11:46:39 INFO  c.e.pinkbags.kafka.InventoryConsumer -    ? Reduced stock for Christian Dior Lambskin Cannage Mini Backpack by 3 (Remaining: 1878)
2025-09-07 11:46:39 INFO  c.e.pinkbags.kafka.InventoryConsumer -    ? Reduced stock for Versace Calfskin Palazzo Crystal Medusa Backpack by 2 (Remaining: 1872)
2025-09-07 11:46:39 INFO  c.e.pinkbags.kafka.InventoryConsumer -    ? Reduced stock for Pink Leather Balenciaga Croc Handbag by 5 (Remaining: 1871)
2025-09-07 11:46:49 INFO  c.e.pinkbags.kafka.InventoryConsumer - ? [InventoryConsumer] Received Order: 395 from customer 353
2025-09-07 11:46:49 INFO  c.e.pinkbags.kafka.InventoryConsumer -    ? Reduced stock for Manolo Blahnik Capri crystal-embellished Clutch by 2 (Remaining: 1866)
2025-09-07 11:46:49 INFO  c.e.pinkbags.kafka.InventoryConsumer -    ? Reduced stock for Prada Chain Leather Flap Bag Saffiano by 1 (Remaining: 1887)
2025-09-07 11:46:49 INFO  c.e.pinkbags.kafka.InventoryConsumer -    ? Reduced stock for Christian Dior book medium Tote by 4 (Remaining: 1878)
2025-09-07 11:46:49 INFO  c.e.pinkbags.kafka.InventoryConsumer -    ? Reduced stock for Versace La Medusa crystal-embellished Mini Bag by 1 (Remaining: 1885)
2025-09-07 11:46:49 INFO  c.e.pinkbags.kafka.InventoryConsumer -    ? Reduced stock for Pink Leather Balenciaga Croc Handbag by 5 (Remaining: 1866)
2025-09-07 11:55:58 INFO  c.e.pinkbags.kafka.InventoryConsumer - ? [InventoryConsumer] Received Order: 396 from customer 354
2025-09-07 11:55:58 INFO  c.e.pinkbags.kafka.InventoryConsumer -    ? Reduced stock for Versace La Medusa crystal-embellished Mini Bag by 2 (Remaining: 1883)
2025-09-07 11:55:58 INFO  c.e.pinkbags.kafka.InventoryConsumer -    ? Reduced stock for Givenchy Smooth Calfskin Nano Backpack by 3 (Remaining: 1859)
2025-09-07 11:55:58 INFO  c.e.pinkbags.kafka.InventoryConsumer -    ? Reduced stock for Balmain Canvas B-Buzz 24 by 4 (Remaining: 1880)
2025-09-07 11:55:58 INFO  c.e.pinkbags.kafka.InventoryConsumer -    ? Reduced stock for Prada Chain Leather Flap Bag Saffiano by 4 (Remaining: 1883)
2025-09-07 11:55:58 INFO  c.e.pinkbags.kafka.InventoryConsumer -    ? Reduced stock for Pink Leather Balenciaga Croc Handbag by 1 (Remaining: 1865)
2025-09-07 11:55:58 INFO  c.e.pinkbags.kafka.InventoryConsumer -    ? Reduced stock for Channel Shiny Aged Calfskin Nano Kelly Mini by 5 (Remaining: 1866)
2025-09-07 11:55:58 INFO  c.e.pinkbags.kafka.InventoryConsumer -    ? Reduced stock for Gucci GG Marmont 2.0 Medium Quilted Shoulder Bag by 5 (Remaining: 1850)
2025-09-07 11:56:00 INFO  c.e.pinkbags.kafka.InventoryConsumer - ? [InventoryConsumer] Received Order: 397 from customer 355
2025-09-07 11:56:00 INFO  c.e.pinkbags.kafka.InventoryConsumer -    ? Reduced stock for Gucci GG Marmont 2.0 Medium Quilted Shoulder Bag by 2 (Remaining: 1848)
2025-09-07 11:56:00 INFO  c.e.pinkbags.kafka.InventoryConsumer -    ? Reduced stock for Christian Dior Monogram Floral Saddle Bag by 4 (Remaining: 1869)
2025-09-07 11:56:00 INFO  c.e.pinkbags.kafka.InventoryConsumer -    ? Reduced stock for Louis Vuitton Monogram Empreinte Easy Pouch On Strap by 5 (Remaining: 1872)
2025-09-07 11:56:00 INFO  c.e.pinkbags.kafka.InventoryConsumer -    ? Reduced stock for Manolo Blahnik Capri crystal-embellished Clutch by 2 (Remaining: 1864)
2025-09-07 11:56:00 INFO  c.e.pinkbags.kafka.InventoryConsumer -    ? Reduced stock for Channel Shiny Aged Calfskin Nano Kelly Mini by 5 (Remaining: 1861)
2025-09-07 11:56:00 INFO  c.e.pinkbags.kafka.InventoryConsumer -    ? Reduced stock for Prada Chain Leather Flap Bag Saffiano by 5 (Remaining: 1878)
2025-09-07 11:56:05 INFO  c.e.pinkbags.kafka.InventoryConsumer - ? [InventoryConsumer] Received Order: 398 from customer 356
2025-09-07 11:56:05 INFO  c.e.pinkbags.kafka.InventoryConsumer -    ? Reduced stock for Givenchy Smooth Calfskin Nano Backpack by 5 (Remaining: 1854)
2025-09-07 11:56:05 INFO  c.e.pinkbags.kafka.InventoryConsumer -    ? Reduced stock for Christian Dior Lambskin Cannage Mini Backpack by 3 (Remaining: 1875)
2025-09-07 11:56:05 INFO  c.e.pinkbags.kafka.InventoryConsumer -    ? Reduced stock for Channel Shiny Aged Calfskin Nano Kelly Mini by 3 (Remaining: 1858)
2025-09-07 11:56:05 INFO  c.e.pinkbags.kafka.InventoryConsumer -    ? Reduced stock for Prada Chain Leather Flap Bag Saffiano by 1 (Remaining: 1877)
2025-09-07 11:56:05 INFO  c.e.pinkbags.kafka.InventoryConsumer -    ? Reduced stock for Pink Leather Balenciaga Croc Handbag by 3 (Remaining: 1862)
2025-09-07 11:56:05 INFO  c.e.pinkbags.kafka.InventoryConsumer -    ? Reduced stock for Manolo Blahnik Capri crystal-embellished Clutch by 4 (Remaining: 1860)
2025-09-07 11:56:10 INFO  c.e.pinkbags.kafka.InventoryConsumer - ? [InventoryConsumer] Received Order: 399 from customer 357
2025-09-07 11:56:10 INFO  c.e.pinkbags.kafka.InventoryConsumer -    ? Reduced stock for Louis Vuitton Monogram Empreinte Easy Pouch On Strap by 2 (Remaining: 1870)
2025-09-07 11:56:10 INFO  c.e.pinkbags.kafka.InventoryConsumer -    ? Reduced stock for Prada Chain Leather Flap Bag Saffiano by 5 (Remaining: 1872)
2025-09-07 11:56:10 INFO  c.e.pinkbags.kafka.InventoryConsumer -    ? Reduced stock for Christian Dior Monogram Floral Saddle Bag by 4 (Remaining: 1865)
2025-09-07 11:56:20 INFO  c.e.pinkbags.kafka.InventoryConsumer - ? [InventoryConsumer] Received Order: 400 from customer 358
2025-09-07 11:56:20 INFO  c.e.pinkbags.kafka.InventoryConsumer -    ? Reduced stock for Pink Leather Balenciaga Croc Handbag by 1 (Remaining: 1861)
2025-09-07 11:56:20 INFO  c.e.pinkbags.kafka.InventoryConsumer -    ? Reduced stock for Louis Vuitton Monogram Empreinte Easy Pouch On Strap by 4 (Remaining: 1866)
2025-09-07 11:56:20 INFO  c.e.pinkbags.kafka.InventoryConsumer -    ? Reduced stock for Manolo Blahnik Capri crystal-embellished Clutch by 5 (Remaining: 1855)
2025-09-07 11:56:20 INFO  c.e.pinkbags.kafka.InventoryConsumer -    ? Reduced stock for Versace Calfskin Palazzo Crystal Medusa Backpack by 5 (Remaining: 1867)
2025-09-07 11:56:20 INFO  c.e.pinkbags.kafka.InventoryConsumer -    ? Reduced stock for Christian Dior book medium Tote by 3 (Remaining: 1875)
2025-09-07 11:56:20 INFO  c.e.pinkbags.kafka.InventoryConsumer -    ? Reduced stock for Christian Dior Lambskin Cannage Mini Backpack by 5 (Remaining: 1870)
2025-09-07 11:56:20 INFO  c.e.pinkbags.kafka.InventoryConsumer -    ? Reduced stock for Channel Shiny Aged Calfskin Nano Kelly Mini by 4 (Remaining: 1854)
2025-09-07 11:56:20 INFO  c.e.pinkbags.kafka.InventoryConsumer -    ? Reduced stock for Prada Chain Leather Flap Bag Saffiano by 3 (Remaining: 1869)
2025-09-07 11:56:20 INFO  c.e.pinkbags.kafka.InventoryConsumer -    ? Reduced stock for Balmain Canvas B-Buzz 24 by 3 (Remaining: 1877)
2025-09-07 11:56:20 INFO  c.e.pinkbags.kafka.InventoryConsumer -    ? Reduced stock for Christian Dior Monogram Floral Saddle Bag by 2 (Remaining: 1863)
2025-09-07 11:56:20 INFO  c.e.pinkbags.kafka.InventoryConsumer -    ? Reduced stock for Givenchy Smooth Calfskin Nano Backpack by 2 (Remaining: 1852)
2025-09-07 11:56:20 INFO  c.e.pinkbags.kafka.InventoryConsumer -    ? Reduced stock for Versace La Medusa crystal-embellished Mini Bag by 5 (Remaining: 1878)
2025-09-07 11:56:25 INFO  c.e.pinkbags.kafka.InventoryConsumer - ? [InventoryConsumer] Received Order: 401 from customer 359
2025-09-07 11:56:25 INFO  c.e.pinkbags.kafka.InventoryConsumer -    ? Reduced stock for Christian Dior book medium Tote by 2 (Remaining: 1873)
2025-09-07 11:56:25 INFO  c.e.pinkbags.kafka.InventoryConsumer -    ? Reduced stock for Manolo Blahnik Capri crystal-embellished Clutch by 4 (Remaining: 1851)
2025-09-07 11:56:25 INFO  c.e.pinkbags.kafka.InventoryConsumer -    ? Reduced stock for Christian Dior Lambskin Cannage Mini Backpack by 1 (Remaining: 1869)
2025-09-07 11:56:25 INFO  c.e.pinkbags.kafka.InventoryConsumer -    ? Reduced stock for Channel Shiny Aged Calfskin Nano Kelly Mini by 3 (Remaining: 1851)
2025-09-07 11:56:25 INFO  c.e.pinkbags.kafka.InventoryConsumer -    ? Reduced stock for Versace Calfskin Palazzo Crystal Medusa Backpack by 1 (Remaining: 1866)
2025-09-07 11:56:25 INFO  c.e.pinkbags.kafka.InventoryConsumer -    ? Reduced stock for Gucci GG Marmont 2.0 Medium Quilted Shoulder Bag by 2 (Remaining: 1846)
2025-09-07 11:56:25 INFO  c.e.pinkbags.kafka.InventoryConsumer -    ? Reduced stock for Christian Dior Monogram Floral Saddle Bag by 2 (Remaining: 1861)
2025-09-07 11:56:25 INFO  c.e.pinkbags.kafka.InventoryConsumer -    ? Reduced stock for Pink Leather Balenciaga Croc Handbag by 5 (Remaining: 1856)
2025-09-07 11:56:25 INFO  c.e.pinkbags.kafka.InventoryConsumer -    ? Reduced stock for Louis Vuitton Monogram Empreinte Easy Pouch On Strap by 2 (Remaining: 1864)
2025-09-07 11:56:25 INFO  c.e.pinkbags.kafka.InventoryConsumer -    ? Reduced stock for Balmain Canvas B-Buzz 24 by 3 (Remaining: 1874)
2025-09-07 11:56:30 INFO  c.e.pinkbags.kafka.InventoryConsumer - ? [InventoryConsumer] Received Order: 402 from customer 360
2025-09-07 11:56:30 INFO  c.e.pinkbags.kafka.InventoryConsumer -    ? Reduced stock for Versace La Medusa crystal-embellished Mini Bag by 3 (Remaining: 1875)
2025-09-07 11:56:30 INFO  c.e.pinkbags.kafka.InventoryConsumer -    ? Reduced stock for Pink Leather Balenciaga Croc Handbag by 1 (Remaining: 1855)
2025-09-07 11:56:30 INFO  c.e.pinkbags.kafka.InventoryConsumer -    ? Reduced stock for Christian Dior Lambskin Cannage Mini Backpack by 2 (Remaining: 1867)
2025-09-07 11:56:30 INFO  c.e.pinkbags.kafka.InventoryConsumer -    ? Reduced stock for Versace Calfskin Palazzo Crystal Medusa Backpack by 3 (Remaining: 1863)
2025-09-07 11:56:30 INFO  c.e.pinkbags.kafka.InventoryConsumer -    ? Reduced stock for Louis Vuitton Monogram Empreinte Easy Pouch On Strap by 1 (Remaining: 1863)
2025-09-07 11:56:30 INFO  c.e.pinkbags.kafka.InventoryConsumer -    ? Reduced stock for Givenchy Smooth Calfskin Nano Backpack by 1 (Remaining: 1851)
2025-09-07 11:56:30 INFO  c.e.pinkbags.kafka.InventoryConsumer -    ? Reduced stock for Christian Dior Monogram Floral Saddle Bag by 5 (Remaining: 1856)
2025-09-07 11:56:30 INFO  c.e.pinkbags.kafka.InventoryConsumer -    ? Reduced stock for Balmain Canvas B-Buzz 24 by 3 (Remaining: 1871)
2025-09-07 11:56:30 INFO  c.e.pinkbags.kafka.InventoryConsumer -    ? Reduced stock for Manolo Blahnik Capri crystal-embellished Clutch by 1 (Remaining: 1850)
2025-09-07 11:56:40 INFO  c.e.pinkbags.kafka.InventoryConsumer - ? [InventoryConsumer] Received Order: 403 from customer 361
2025-09-07 11:56:40 INFO  c.e.pinkbags.kafka.InventoryConsumer -    ? Reduced stock for Givenchy Smooth Calfskin Nano Backpack by 1 (Remaining: 1850)
2025-09-07 11:56:40 INFO  c.e.pinkbags.kafka.InventoryConsumer -    ? Reduced stock for Versace La Medusa crystal-embellished Mini Bag by 3 (Remaining: 1872)
2025-09-07 11:56:40 INFO  c.e.pinkbags.kafka.InventoryConsumer -    ? Reduced stock for Versace Calfskin Palazzo Crystal Medusa Backpack by 4 (Remaining: 1859)
2025-09-07 11:56:40 INFO  c.e.pinkbags.kafka.InventoryConsumer -    ? Reduced stock for Christian Dior Monogram Floral Saddle Bag by 2 (Remaining: 1854)
2025-09-07 11:56:40 INFO  c.e.pinkbags.kafka.InventoryConsumer -    ? Reduced stock for Channel Shiny Aged Calfskin Nano Kelly Mini by 2 (Remaining: 1849)
2025-09-07 11:56:40 INFO  c.e.pinkbags.kafka.InventoryConsumer -    ? Reduced stock for Christian Dior book medium Tote by 4 (Remaining: 1869)
2025-09-07 11:56:40 INFO  c.e.pinkbags.kafka.InventoryConsumer -    ? Reduced stock for Manolo Blahnik Capri crystal-embellished Clutch by 5 (Remaining: 1845)
2025-09-07 11:56:40 INFO  c.e.pinkbags.kafka.InventoryConsumer -    ? Reduced stock for Pink Leather Balenciaga Croc Handbag by 4 (Remaining: 1851)
2025-09-07 11:56:41 INFO  c.e.pinkbags.kafka.InventoryConsumer -    ? Reduced stock for Christian Dior Lambskin Cannage Mini Backpack by 1 (Remaining: 1866)
2025-09-07 11:56:41 INFO  c.e.pinkbags.kafka.InventoryConsumer -    ? Reduced stock for Louis Vuitton Monogram Empreinte Easy Pouch On Strap by 1 (Remaining: 1862)
2025-09-07 11:56:41 INFO  c.e.pinkbags.kafka.InventoryConsumer -    ? Reduced stock for Prada Chain Leather Flap Bag Saffiano by 4 (Remaining: 1865)
2025-09-07 11:56:41 INFO  c.e.pinkbags.kafka.InventoryConsumer -    ? Reduced stock for Balmain Canvas B-Buzz 24 by 1 (Remaining: 1870)
2025-09-07 11:56:45 INFO  c.e.pinkbags.kafka.InventoryConsumer - ? [InventoryConsumer] Received Order: 404 from customer 362
2025-09-07 11:56:45 INFO  c.e.pinkbags.kafka.InventoryConsumer -    ? Reduced stock for Manolo Blahnik Capri crystal-embellished Clutch by 3 (Remaining: 1842)
2025-09-07 11:56:45 INFO  c.e.pinkbags.kafka.InventoryConsumer -    ? Reduced stock for Christian Dior Monogram Floral Saddle Bag by 2 (Remaining: 1852)
2025-09-07 11:56:45 INFO  c.e.pinkbags.kafka.InventoryConsumer -    ? Reduced stock for Louis Vuitton Monogram Empreinte Easy Pouch On Strap by 2 (Remaining: 1860)
2025-09-07 11:56:45 INFO  c.e.pinkbags.kafka.InventoryConsumer -    ? Reduced stock for Givenchy Smooth Calfskin Nano Backpack by 3 (Remaining: 1847)
2025-09-07 11:56:45 INFO  c.e.pinkbags.kafka.InventoryConsumer -    ? Reduced stock for Christian Dior book medium Tote by 1 (Remaining: 1868)
2025-09-07 11:56:45 INFO  c.e.pinkbags.kafka.InventoryConsumer -    ? Reduced stock for Versace La Medusa crystal-embellished Mini Bag by 4 (Remaining: 1868)
2025-09-07 11:56:45 INFO  c.e.pinkbags.kafka.InventoryConsumer -    ? Reduced stock for Channel Shiny Aged Calfskin Nano Kelly Mini by 3 (Remaining: 1846)
2025-09-07 11:56:45 INFO  c.e.pinkbags.kafka.InventoryConsumer -    ? Reduced stock for Gucci GG Marmont 2.0 Medium Quilted Shoulder Bag by 1 (Remaining: 1845)
2025-09-07 11:56:45 INFO  c.e.pinkbags.kafka.InventoryConsumer -    ? Reduced stock for Christian Dior Lambskin Cannage Mini Backpack by 4 (Remaining: 1862)
2025-09-07 11:56:45 INFO  c.e.pinkbags.kafka.InventoryConsumer -    ? Reduced stock for Pink Leather Balenciaga Croc Handbag by 4 (Remaining: 1847)
2025-09-07 11:56:45 INFO  c.e.pinkbags.kafka.InventoryConsumer -    ? Reduced stock for Prada Chain Leather Flap Bag Saffiano by 3 (Remaining: 1862)
2025-09-07 11:56:50 INFO  c.e.pinkbags.kafka.InventoryConsumer - ? [InventoryConsumer] Received Order: 405 from customer 363
2025-09-07 11:56:50 INFO  c.e.pinkbags.kafka.InventoryConsumer -    ? Reduced stock for Christian Dior book medium Tote by 1 (Remaining: 1867)
2025-09-07 12:06:55 INFO  c.e.pinkbags.kafka.InventoryConsumer - ? [InventoryConsumer] Received Order: 406 from customer 364
2025-09-07 12:06:55 INFO  c.e.pinkbags.kafka.InventoryConsumer -    ? Reduced stock for Givenchy Smooth Calfskin Nano Backpack by 2 (Remaining: 1845)
2025-09-07 12:06:55 INFO  c.e.pinkbags.kafka.InventoryConsumer -    ? Reduced stock for Balmain Canvas B-Buzz 24 by 5 (Remaining: 1865)
2025-09-07 12:06:56 INFO  c.e.pinkbags.kafka.InventoryConsumer -    ? Reduced stock for Manolo Blahnik Capri crystal-embellished Clutch by 4 (Remaining: 1838)
2025-09-07 12:06:56 INFO  c.e.pinkbags.kafka.InventoryConsumer -    ? Reduced stock for Pink Indian Handbag by 1 (Remaining: 11)
2025-09-07 12:06:56 INFO  c.e.pinkbags.kafka.InventoryConsumer -    ? Reduced stock for Pink Leather Balenciaga Croc Handbag by 3 (Remaining: 1844)
2025-09-07 12:06:56 INFO  c.e.pinkbags.kafka.InventoryConsumer -    ? Reduced stock for Compact mini backpack by 2 (Remaining: 16)
2025-09-07 12:06:56 INFO  c.e.pinkbags.kafka.InventoryConsumer -    ? Reduced stock for Gucci GG Marmont 2.0 Medium Quilted Shoulder Bag by 3 (Remaining: 1842)
2025-09-07 12:06:57 INFO  c.e.pinkbags.kafka.InventoryConsumer - ? [InventoryConsumer] Received Order: 407 from customer 365
2025-09-07 12:06:57 INFO  c.e.pinkbags.kafka.InventoryConsumer -    ? Reduced stock for Versace Calfskin Palazzo Crystal Medusa Backpack by 1 (Remaining: 1858)
2025-09-07 12:06:57 INFO  c.e.pinkbags.kafka.InventoryConsumer -    ? Reduced stock for Mini Pink Leather Balenciaga Croc handbag by 1 (Remaining: 19)
2025-09-07 12:07:02 INFO  c.e.pinkbags.kafka.InventoryConsumer - ? [InventoryConsumer] Received Order: 408 from customer 366
2025-09-07 12:07:02 INFO  c.e.pinkbags.kafka.InventoryConsumer -    ? Reduced stock for Versace La Medusa crystal-embellished Mini Bag by 4 (Remaining: 1864)
2025-09-07 12:07:02 INFO  c.e.pinkbags.kafka.InventoryConsumer -    ? Reduced stock for Classic purse with floral design by 2 (Remaining: 28)
2025-09-07 12:07:02 INFO  c.e.pinkbags.kafka.InventoryConsumer -    ? Reduced stock for Pink Indian Handbag by 4 (Remaining: 7)
2025-09-07 12:07:02 INFO  c.e.pinkbags.kafka.InventoryConsumer -    ? Reduced stock for Compact mini backpack by 2 (Remaining: 14)
2025-09-07 12:07:02 INFO  c.e.pinkbags.kafka.InventoryConsumer -    ? Reduced stock for Gucci GG Marmont 2.0 Medium Quilted Shoulder Bag by 2 (Remaining: 1840)
2025-09-07 12:07:07 INFO  c.e.pinkbags.kafka.InventoryConsumer - ? [InventoryConsumer] Received Order: 409 from customer 367
2025-09-07 12:07:07 INFO  c.e.pinkbags.kafka.InventoryConsumer -    ? Reduced stock for Mini Pink Leather Balenciaga Croc handbag by 4 (Remaining: 15)
2025-09-07 12:07:07 INFO  c.e.pinkbags.kafka.InventoryConsumer -    ? Reduced stock for Givenchy Smooth Calfskin Nano Backpack by 2 (Remaining: 1843)
2025-09-07 12:07:07 INFO  c.e.pinkbags.kafka.InventoryConsumer -    ? Reduced stock for Trendy pink tote bag by 5 (Remaining: 20)
2025-09-07 12:07:07 INFO  c.e.pinkbags.kafka.InventoryConsumer -    ? Reduced stock for Channel Shiny Aged Calfskin Nano Kelly Mini by 5 (Remaining: 1841)
2025-09-07 12:07:07 INFO  c.e.pinkbags.kafka.InventoryConsumer -    ? Reduced stock for Pink Heart Handbag by 5 (Remaining: 7)
2025-09-07 12:07:07 INFO  c.e.pinkbags.kafka.InventoryConsumer -    ? Reduced stock for Compact mini backpack by 3 (Remaining: 11)
2025-09-07 12:07:07 INFO  c.e.pinkbags.kafka.InventoryConsumer -    ? Reduced stock for Classic purse with floral design by 5 (Remaining: 23)
2025-09-07 12:07:07 INFO  c.e.pinkbags.kafka.InventoryConsumer -    ? Reduced stock for Prada Chain Leather Flap Bag Saffiano by 1 (Remaining: 1861)
2025-09-07 12:07:07 INFO  c.e.pinkbags.kafka.InventoryConsumer -    ? Reduced stock for Balmain Canvas B-Buzz 24 by 4 (Remaining: 1861)
2025-09-07 12:07:07 INFO  c.e.pinkbags.kafka.InventoryConsumer -    ? Reduced stock for Christian Dior Lambskin Cannage Mini Backpack by 2 (Remaining: 1860)
2025-09-07 12:07:07 INFO  c.e.pinkbags.kafka.InventoryConsumer -    ? Reduced stock for Pink Leather Balenciaga Croc Handbag by 5 (Remaining: 1839)
2025-09-07 12:07:07 INFO  c.e.pinkbags.kafka.InventoryConsumer -    ? Reduced stock for Christian Dior book medium Tote by 1 (Remaining: 1866)
2025-09-07 12:07:07 INFO  c.e.pinkbags.kafka.InventoryConsumer -    ? Reduced stock for Christian Dior Monogram Floral Saddle Bag by 2 (Remaining: 1850)
2025-09-07 12:07:07 INFO  c.e.pinkbags.kafka.InventoryConsumer -    ? Reduced stock for Versace La Medusa crystal-embellished Mini Bag by 1 (Remaining: 1863)
2025-09-07 12:07:07 INFO  c.e.pinkbags.kafka.InventoryConsumer -    ? Reduced stock for Louis Vuitton Monogram Empreinte Easy Pouch On Strap by 1 (Remaining: 1859)
2025-09-07 12:07:17 INFO  c.e.pinkbags.kafka.InventoryConsumer - ? [InventoryConsumer] Received Order: 410 from customer 369
2025-09-07 12:07:17 INFO  c.e.pinkbags.kafka.InventoryConsumer -    ? Reduced stock for Compact mini backpack by 2 (Remaining: 9)
2025-09-07 12:07:17 INFO  c.e.pinkbags.kafka.InventoryConsumer -    ? Reduced stock for Versace Calfskin Palazzo Crystal Medusa Backpack by 3 (Remaining: 1855)
2025-09-07 12:07:17 INFO  c.e.pinkbags.kafka.InventoryConsumer -    ? Reduced stock for Christian Dior Lambskin Cannage Mini Backpack by 3 (Remaining: 1857)
2025-09-07 12:07:17 INFO  c.e.pinkbags.kafka.InventoryConsumer -    ? Reduced stock for Elegant backpack by 4 (Remaining: 11)
2025-09-07 12:07:17 INFO  c.e.pinkbags.kafka.InventoryConsumer -    ? Reduced stock for Balmain Canvas B-Buzz 24 by 2 (Remaining: 1859)
2025-09-07 12:07:17 INFO  c.e.pinkbags.kafka.InventoryConsumer -    ? Reduced stock for Channel Shiny Aged Calfskin Nano Kelly Mini by 5 (Remaining: 1836)
2025-09-07 12:07:17 INFO  c.e.pinkbags.kafka.InventoryConsumer -    ? Reduced stock for Trendy pink tote bag by 2 (Remaining: 18)
2025-09-07 12:07:17 INFO  c.e.pinkbags.kafka.InventoryConsumer -    ? Reduced stock for Pink Indian Handbag by 1 (Remaining: 6)
2025-09-07 12:07:17 INFO  c.e.pinkbags.kafka.InventoryConsumer -    ? Reduced stock for Mini Pink Leather Balenciaga Croc handbag by 4 (Remaining: 11)
2025-09-07 12:07:17 INFO  c.e.pinkbags.kafka.InventoryConsumer -    ? Reduced stock for Christian Dior Monogram Floral Saddle Bag by 1 (Remaining: 1849)
2025-09-07 12:07:17 INFO  c.e.pinkbags.kafka.InventoryConsumer -    ? Reduced stock for Versace La Medusa crystal-embellished Mini Bag by 1 (Remaining: 1862)
2025-09-07 12:07:17 INFO  c.e.pinkbags.kafka.InventoryConsumer -    ? Reduced stock for Manolo Blahnik Capri crystal-embellished Clutch by 4 (Remaining: 1834)
2025-09-07 12:07:17 INFO  c.e.pinkbags.kafka.InventoryConsumer -    ? Reduced stock for Pink Heart Handbag by 4 (Remaining: 3)
2025-09-07 12:07:17 INFO  c.e.pinkbags.kafka.InventoryConsumer -    ? Reduced stock for Classic purse with floral design by 1 (Remaining: 22)
2025-09-07 12:07:17 INFO  c.e.pinkbags.kafka.InventoryConsumer -    ? Reduced stock for Pink Leather Balenciaga Croc Handbag by 5 (Remaining: 1834)
2025-09-07 12:07:17 INFO  c.e.pinkbags.kafka.InventoryConsumer -    ? Reduced stock for Givenchy Smooth Calfskin Nano Backpack by 4 (Remaining: 1839)
2025-09-07 12:07:17 INFO  c.e.pinkbags.kafka.InventoryConsumer -    ? Reduced stock for Gucci GG Marmont 2.0 Medium Quilted Shoulder Bag by 5 (Remaining: 1835)
2025-09-07 12:07:17 INFO  c.e.pinkbags.kafka.InventoryConsumer -    ? Reduced stock for Louis Vuitton Monogram Empreinte Easy Pouch On Strap by 2 (Remaining: 1857)
2025-09-07 12:07:22 INFO  c.e.pinkbags.kafka.InventoryConsumer - ? [InventoryConsumer] Received Order: 411 from customer 370
2025-09-07 12:07:22 INFO  c.e.pinkbags.kafka.InventoryConsumer -    ? Reduced stock for Givenchy Smooth Calfskin Nano Backpack by 4 (Remaining: 1835)
2025-09-07 12:07:22 INFO  c.e.pinkbags.kafka.InventoryConsumer -    ? Reduced stock for Christian Dior Monogram Floral Saddle Bag by 5 (Remaining: 1844)
2025-09-07 12:07:22 INFO  c.e.pinkbags.kafka.InventoryConsumer -    ? Reduced stock for Trendy pink tote bag by 4 (Remaining: 14)
2025-09-07 12:07:22 INFO  c.e.pinkbags.kafka.InventoryConsumer -    ? Reduced stock for Channel Shiny Aged Calfskin Nano Kelly Mini by 5 (Remaining: 1831)
2025-09-07 12:07:22 INFO  c.e.pinkbags.kafka.InventoryConsumer -    ? Reduced stock for Manolo Blahnik Capri crystal-embellished Clutch by 4 (Remaining: 1830)
2025-09-07 12:07:22 INFO  c.e.pinkbags.kafka.InventoryConsumer -    ? Reduced stock for Versace La Medusa crystal-embellished Mini Bag by 1 (Remaining: 1861)
2025-09-07 12:07:22 INFO  c.e.pinkbags.kafka.InventoryConsumer -    ? Reduced stock for Compact mini backpack by 2 (Remaining: 7)
2025-09-07 12:07:22 INFO  c.e.pinkbags.kafka.InventoryConsumer -    ? Reduced stock for Pink Heart Handbag by 3 (Remaining: 0)
2025-09-07 12:07:22 INFO  c.e.pinkbags.kafka.InventoryConsumer -    ? Reduced stock for Gucci GG Marmont 2.0 Medium Quilted Shoulder Bag by 5 (Remaining: 1830)
2025-09-07 12:07:22 INFO  c.e.pinkbags.kafka.InventoryConsumer -    ? Reduced stock for Pink Indian Handbag by 5 (Remaining: 1)
2025-09-07 12:07:22 INFO  c.e.pinkbags.kafka.InventoryConsumer -    ? Reduced stock for Prada Chain Leather Flap Bag Saffiano by 2 (Remaining: 1859)
2025-09-07 12:07:22 INFO  c.e.pinkbags.kafka.InventoryConsumer -    ? Reduced stock for Elegant backpack by 2 (Remaining: 9)
2025-09-07 12:07:22 INFO  c.e.pinkbags.kafka.InventoryConsumer -    ? Reduced stock for Christian Dior Lambskin Cannage Mini Backpack by 4 (Remaining: 1853)
2025-09-07 12:07:22 INFO  c.e.pinkbags.kafka.InventoryConsumer -    ? Reduced stock for Pink Leather Balenciaga Croc Handbag by 4 (Remaining: 1830)
2025-09-07 12:07:22 INFO  c.e.pinkbags.kafka.InventoryConsumer -    ? Reduced stock for Louis Vuitton Monogram Empreinte Easy Pouch On Strap by 5 (Remaining: 1852)
2025-09-07 12:07:22 INFO  c.e.pinkbags.kafka.InventoryConsumer -    ? Reduced stock for Balmain Canvas B-Buzz 24 by 5 (Remaining: 1854)
2025-09-07 12:07:22 INFO  c.e.pinkbags.kafka.InventoryConsumer -    ? Reduced stock for Versace Calfskin Palazzo Crystal Medusa Backpack by 3 (Remaining: 1852)
2025-09-07 12:07:22 INFO  c.e.pinkbags.kafka.InventoryConsumer -    ? Reduced stock for Classic purse with floral design by 3 (Remaining: 19)
2025-09-07 12:07:22 INFO  c.e.pinkbags.kafka.InventoryConsumer -    ? Reduced stock for Christian Dior book medium Tote by 4 (Remaining: 1862)
2025-09-07 12:07:22 INFO  c.e.pinkbags.kafka.InventoryConsumer -    ? Reduced stock for Mini Pink Leather Balenciaga Croc handbag by 2 (Remaining: 9)
2025-09-07 12:07:27 INFO  c.e.pinkbags.kafka.InventoryConsumer - ? [InventoryConsumer] Received Order: 412 from customer 371
2025-09-07 12:07:27 INFO  c.e.pinkbags.kafka.InventoryConsumer -    ? Reduced stock for Manolo Blahnik Capri crystal-embellished Clutch by 1 (Remaining: 1829)
2025-09-07 12:07:27 INFO  c.e.pinkbags.kafka.InventoryConsumer -    ? Reduced stock for Pink Leather Balenciaga Croc Handbag by 5 (Remaining: 1825)
2025-09-07 12:07:27 INFO  c.e.pinkbags.kafka.InventoryConsumer -    ? Reduced stock for Christian Dior Monogram Floral Saddle Bag by 5 (Remaining: 1839)
2025-09-07 12:07:27 INFO  c.e.pinkbags.kafka.InventoryConsumer -    ? Reduced stock for Balmain Canvas B-Buzz 24 by 3 (Remaining: 1851)
2025-09-07 12:07:27 INFO  c.e.pinkbags.kafka.InventoryConsumer -    ? Reduced stock for Louis Vuitton Monogram Empreinte Easy Pouch On Strap by 2 (Remaining: 1850)
2025-09-07 12:07:27 INFO  c.e.pinkbags.kafka.InventoryConsumer -    ? Reduced stock for Classic purse with floral design by 4 (Remaining: 15)
2025-09-07 12:07:27 INFO  c.e.pinkbags.kafka.InventoryConsumer -    ? Reduced stock for Pink Heart Handbag by 2 (Remaining: 0)
2025-09-07 12:07:27 INFO  c.e.pinkbags.kafka.InventoryConsumer -    ? Reduced stock for Mini Pink Leather Balenciaga Croc handbag by 2 (Remaining: 7)
2025-09-07 12:07:27 INFO  c.e.pinkbags.kafka.InventoryConsumer -    ? Reduced stock for Elegant backpack by 3 (Remaining: 6)
2025-09-07 12:07:27 INFO  c.e.pinkbags.kafka.InventoryConsumer -    ? Reduced stock for Versace La Medusa crystal-embellished Mini Bag by 1 (Remaining: 1860)
2025-09-07 12:07:27 INFO  c.e.pinkbags.kafka.InventoryConsumer -    ? Reduced stock for Compact mini backpack by 2 (Remaining: 5)
2025-09-07 12:11:33 INFO  c.e.pinkbags.kafka.InventoryConsumer - ? [InventoryConsumer] Received Order: 413 from customer 372
2025-09-07 12:11:33 INFO  c.e.pinkbags.kafka.InventoryConsumer -    ? Reduced stock for Pink Leather Balenciaga Croc Handbag by 3 (Remaining: 1822)
2025-09-07 12:11:33 INFO  c.e.pinkbags.kafka.InventoryConsumer -    ? Reduced stock for Pink Heart Handbag by 2 (Remaining: 0)
2025-09-07 12:11:33 INFO  c.e.pinkbags.kafka.InventoryConsumer -    ? Reduced stock for Trendy pink tote bag by 1 (Remaining: 13)
2025-09-07 12:11:33 INFO  c.e.pinkbags.kafka.InventoryConsumer -    ? Reduced stock for Classic purse with floral design by 2 (Remaining: 13)
2025-09-07 12:11:33 INFO  c.e.pinkbags.kafka.InventoryConsumer -    ? Reduced stock for Prada Chain Leather Flap Bag Saffiano by 4 (Remaining: 1855)
2025-09-07 12:11:33 INFO  c.e.pinkbags.kafka.InventoryConsumer -    ? Reduced stock for Givenchy Smooth Calfskin Nano Backpack by 3 (Remaining: 1832)
2025-09-07 12:11:33 INFO  c.e.pinkbags.kafka.InventoryConsumer -    ? Reduced stock for Compact mini backpack by 2 (Remaining: 3)
2025-09-07 12:11:33 INFO  c.e.pinkbags.kafka.InventoryConsumer -    ? Reduced stock for Balmain Canvas B-Buzz 24 by 3 (Remaining: 1848)
2025-09-07 12:11:33 INFO  c.e.pinkbags.kafka.InventoryConsumer -    ? Reduced stock for Louis Vuitton Monogram Empreinte Easy Pouch On Strap by 5 (Remaining: 1845)
2025-09-07 12:11:33 INFO  c.e.pinkbags.kafka.InventoryConsumer -    ? Reduced stock for Versace La Medusa crystal-embellished Mini Bag by 3 (Remaining: 1857)
2025-09-07 12:11:33 INFO  c.e.pinkbags.kafka.InventoryConsumer -    ? Reduced stock for Pink Indian Handbag by 1 (Remaining: 0)
2025-09-07 12:11:33 INFO  c.e.pinkbags.kafka.InventoryConsumer -    ? Reduced stock for Christian Dior Monogram Floral Saddle Bag by 5 (Remaining: 1834)
2025-09-07 12:11:33 INFO  c.e.pinkbags.kafka.InventoryConsumer -    ? Reduced stock for Christian Dior book medium Tote by 5 (Remaining: 1857)
2025-09-07 12:11:33 INFO  c.e.pinkbags.kafka.InventoryConsumer -    ? Reduced stock for Christian Dior Lambskin Cannage Mini Backpack by 5 (Remaining: 1848)
2025-09-07 12:11:33 INFO  c.e.pinkbags.kafka.InventoryConsumer -    ? Reduced stock for Channel Shiny Aged Calfskin Nano Kelly Mini by 2 (Remaining: 1829)
2025-09-07 12:11:33 INFO  c.e.pinkbags.kafka.InventoryConsumer -    ? Reduced stock for Gucci GG Marmont 2.0 Medium Quilted Shoulder Bag by 2 (Remaining: 1828)
2025-09-07 12:11:48 INFO  c.e.pinkbags.kafka.InventoryConsumer - ? [InventoryConsumer] Received Order: 414 from customer 373
2025-09-07 12:11:48 INFO  c.e.pinkbags.kafka.InventoryConsumer -    ? Reduced stock for Pink Indian Handbag by 5 (Remaining: 0)
2025-09-07 12:11:48 INFO  c.e.pinkbags.kafka.InventoryConsumer -    ? Reduced stock for Manolo Blahnik Capri crystal-embellished Clutch by 2 (Remaining: 1827)
2025-09-07 12:11:48 INFO  c.e.pinkbags.kafka.InventoryConsumer -    ? Reduced stock for Mini Pink Leather Balenciaga Croc handbag by 4 (Remaining: 3)
2025-09-07 12:11:48 INFO  c.e.pinkbags.kafka.InventoryConsumer -    ? Reduced stock for Channel Shiny Aged Calfskin Nano Kelly Mini by 4 (Remaining: 1825)
2025-09-07 12:11:48 INFO  c.e.pinkbags.kafka.InventoryConsumer -    ? Reduced stock for Gucci GG Marmont 2.0 Medium Quilted Shoulder Bag by 5 (Remaining: 1823)
2025-09-07 12:11:48 INFO  c.e.pinkbags.kafka.InventoryConsumer -    ? Reduced stock for Trendy pink tote bag by 2 (Remaining: 11)
2025-09-07 12:11:48 INFO  c.e.pinkbags.kafka.InventoryConsumer -    ? Reduced stock for Louis Vuitton Monogram Empreinte Easy Pouch On Strap by 1 (Remaining: 1844)
2025-09-07 12:11:48 INFO  c.e.pinkbags.kafka.InventoryConsumer -    ? Reduced stock for Compact mini backpack by 5 (Remaining: 0)
2025-09-07 12:11:48 INFO  c.e.pinkbags.kafka.InventoryConsumer -    ? Reduced stock for Versace La Medusa crystal-embellished Mini Bag by 5 (Remaining: 1852)
2025-09-07 12:11:48 INFO  c.e.pinkbags.kafka.InventoryConsumer -    ? Reduced stock for Versace Calfskin Palazzo Crystal Medusa Backpack by 5 (Remaining: 1847)
2025-09-07 12:11:48 INFO  c.e.pinkbags.kafka.InventoryConsumer -    ? Reduced stock for Elegant backpack by 2 (Remaining: 4)
2025-09-07 12:11:48 INFO  c.e.pinkbags.kafka.InventoryConsumer -    ? Reduced stock for Pink Heart Handbag by 5 (Remaining: 0)
2025-09-07 12:11:48 INFO  c.e.pinkbags.kafka.InventoryConsumer -    ? Reduced stock for Givenchy Smooth Calfskin Nano Backpack by 5 (Remaining: 1827)
2025-09-07 12:11:48 INFO  c.e.pinkbags.kafka.InventoryConsumer -    ? Reduced stock for Christian Dior Lambskin Cannage Mini Backpack by 3 (Remaining: 1845)
2025-09-07 12:11:57 INFO  c.e.pinkbags.kafka.InventoryConsumer - ? [InventoryConsumer] Received Order: 415 from customer 374
2025-09-07 12:11:57 INFO  c.e.pinkbags.kafka.InventoryConsumer -    ? Reduced stock for Pink Indian Handbag by 3 (Remaining: 0)
2025-09-07 12:11:57 INFO  c.e.pinkbags.kafka.InventoryConsumer -    ? Reduced stock for Mini Pink Leather Balenciaga Croc handbag by 5 (Remaining: 0)
2025-09-07 12:11:58 INFO  c.e.pinkbags.kafka.InventoryConsumer -    ? Reduced stock for Pink Heart Handbag by 1 (Remaining: 0)
2025-09-07 12:11:58 INFO  c.e.pinkbags.kafka.InventoryConsumer -    ? Reduced stock for Pink Leather Balenciaga Croc Handbag by 2 (Remaining: 1820)
2025-09-07 12:11:58 INFO  c.e.pinkbags.kafka.InventoryConsumer -    ? Reduced stock for Versace La Medusa crystal-embellished Mini Bag by 2 (Remaining: 1850)
2025-09-07 12:12:07 INFO  c.e.pinkbags.kafka.InventoryConsumer - ? [InventoryConsumer] Received Order: 416 from customer 375
2025-09-07 12:12:07 INFO  c.e.pinkbags.kafka.InventoryConsumer -    ? Reduced stock for Balmain Canvas B-Buzz 24 by 2 (Remaining: 1846)
2025-09-07 12:12:07 INFO  c.e.pinkbags.kafka.InventoryConsumer -    ? Reduced stock for Christian Dior book medium Tote by 2 (Remaining: 1855)
2025-09-07 12:12:07 INFO  c.e.pinkbags.kafka.InventoryConsumer -    ? Reduced stock for Versace Calfskin Palazzo Crystal Medusa Backpack by 3 (Remaining: 1844)
2025-09-07 12:12:07 INFO  c.e.pinkbags.kafka.InventoryConsumer -    ? Reduced stock for Prada Chain Leather Flap Bag Saffiano by 3 (Remaining: 1852)
2025-09-07 12:12:07 INFO  c.e.pinkbags.kafka.InventoryConsumer -    ? Reduced stock for Pink Heart Handbag by 3 (Remaining: 0)
2025-09-07 12:12:12 INFO  c.e.pinkbags.kafka.InventoryConsumer - ? [InventoryConsumer] Received Order: 417 from customer 376
2025-09-07 12:12:12 INFO  c.e.pinkbags.kafka.InventoryConsumer -    ? Reduced stock for Versace La Medusa crystal-embellished Mini Bag by 4 (Remaining: 1846)
2025-09-07 12:12:12 INFO  c.e.pinkbags.kafka.InventoryConsumer -    ? Reduced stock for Prada Chain Leather Flap Bag Saffiano by 4 (Remaining: 1848)
2025-09-07 12:12:12 INFO  c.e.pinkbags.kafka.InventoryConsumer -    ? Reduced stock for Pink Heart Handbag by 4 (Remaining: 0)
2025-09-07 12:12:12 INFO  c.e.pinkbags.kafka.InventoryConsumer -    ? Reduced stock for Christian Dior book medium Tote by 3 (Remaining: 1852)
2025-09-07 12:12:27 INFO  c.e.pinkbags.kafka.InventoryConsumer - ? [InventoryConsumer] Received Order: 418 from customer 377
2025-09-07 12:12:27 INFO  c.e.pinkbags.kafka.InventoryConsumer -    ? Reduced stock for Gucci GG Marmont 2.0 Medium Quilted Shoulder Bag by 2 (Remaining: 1821)
2025-09-07 12:12:27 INFO  c.e.pinkbags.kafka.InventoryConsumer -    ? Reduced stock for Elegant backpack by 4 (Remaining: 0)
2025-09-07 12:12:27 INFO  c.e.pinkbags.kafka.InventoryConsumer -    ? Reduced stock for Mini Pink Leather Balenciaga Croc handbag by 4 (Remaining: 0)
2025-09-07 12:12:27 INFO  c.e.pinkbags.kafka.InventoryConsumer -    ? Reduced stock for Versace La Medusa crystal-embellished Mini Bag by 5 (Remaining: 1841)
2025-09-07 12:12:27 INFO  c.e.pinkbags.kafka.InventoryConsumer -    ? Reduced stock for Trendy pink tote bag by 1 (Remaining: 10)
2025-09-07 12:12:27 INFO  c.e.pinkbags.kafka.InventoryConsumer -    ? Reduced stock for Compact mini backpack by 2 (Remaining: 0)
2025-09-07 12:12:27 INFO  c.e.pinkbags.kafka.InventoryConsumer -    ? Reduced stock for Balmain Canvas B-Buzz 24 by 3 (Remaining: 1843)
2025-09-07 12:12:32 INFO  c.e.pinkbags.kafka.InventoryConsumer - ? [InventoryConsumer] Received Order: 419 from customer 378
2025-09-07 12:12:32 INFO  c.e.pinkbags.kafka.InventoryConsumer -    ? Reduced stock for Gucci GG Marmont 2.0 Medium Quilted Shoulder Bag by 1 (Remaining: 1820)
2025-09-07 12:12:32 INFO  c.e.pinkbags.kafka.InventoryConsumer -    ? Reduced stock for Classic purse with floral design by 1 (Remaining: 12)
2025-09-07 12:12:32 INFO  c.e.pinkbags.kafka.InventoryConsumer -    ? Reduced stock for Mini Pink Leather Balenciaga Croc handbag by 4 (Remaining: 0)
2025-09-07 12:12:32 INFO  c.e.pinkbags.kafka.InventoryConsumer -    ? Reduced stock for Versace Calfskin Palazzo Crystal Medusa Backpack by 5 (Remaining: 1839)
